[trafficbot.co/index.html]
[backblue.gif]
[fade.gif]
[index.html]
[trafficbot.co/css/homec4e9.css]
[trafficbot.co/images/favicon.png]
[www.google.com/recaptcha/api.js]
[trafficbot.co/css/fonts/font-icons.woff]
[trafficbot.co/product/social-media-engagement.html]
[trafficbot.co/product/website-traffic.html]
[trafficbot.co/login.html]
[trafficbot.co/help.html]
[trafficbot.co/dashboard/billing/social-media/new-order.html]
[trafficbot.co/dashboard/billing/web/new-subscription.html]
[trafficbot.co/privacy-policy.html]
[trafficbot.co/terms-of-service.html]
[trafficbot.co/index.html]
[trafficbot.co/js/home6e94.js]
[trafficbot.co/css/images/icons/submenu.png]
[trafficbot.co/css/images/icons/menu-divider.png]
[trafficbot.co/css/images/icons/close.png]
[trafficbot.co/css/images/grid.png]
[trafficbot.co/css/images/pattern.png]
[trafficbot.co/css/images/parallax/parallax-bg.jpg]
[trafficbot.co/css/images/icons/iconalt.svg]
[trafficbot.co/css/images/preloader.gif]
[trafficbot.co/css/images/icons/play.png]
[trafficbot.co/css/images/icons/dotted.png]
[trafficbot.co/images/preloader-dark.gif]
[trafficbot.co/images/icons/submenu.png]
[trafficbot.co/images/preloader@2x.gif]
[trafficbot.co/images/preloader-dark@2x.gif]
[trafficbot.co/images/icons/widget-comment@2x.png]
[trafficbot.co/images/icons/widget-link@2x.png]
[trafficbot.co/images/icons/widget-comment-dark@2x.png]
[trafficbot.co/images/icons/widget-link-dark@2x.png]
[trafficbot.co/css/homec4e9.css]
[trafficbot.co/images/logo.html]
[trafficbot.co/images/logo@2x.html]
[trafficbot.co/product/social-media-engagement.html]
[trafficbot.co/product/website-traffic.html]
[trafficbot.co/css/appdc73.css]
[www.google.com/recaptcha/apib091.js]
[trafficbot.co/login.html]
[trafficbot.co/js/app3cd2.js]
[trafficbot.co/help/social-media-engagement.html]
[trafficbot.co/help/website-traffic.html]
[trafficbot.co/help.html]
[trafficbot.co/images/prod-sm-xs.html]
[trafficbot.co/dashboard/billing/social-media/new-order.html]
[trafficbot.co/images/prod-web-xs.html]
[trafficbot.co/dashboard/billing/web/new-subscription.html]
[trafficbot.co/images/main-slider.html]
[trafficbot.co/images/main-call-action.html]
[trafficbot.co/images/footer-widget-logo.html]
[trafficbot.co/privacy-policy.html]
[trafficbot.co/terms-of-service.html]
[trafficbot.co/css/images/icons/submenu.html]
[trafficbot.co/css/images/icons/menu-divider.html]
[trafficbot.co/css/images/icons/close.html]
[trafficbot.co/images/pattern2.html]
[trafficbot.co/css/images/grid.html]
[trafficbot.co/css/images/pattern.html]
[trafficbot.co/css/images/parallax/parallax-bg.html]
[trafficbot.co/css/images/icons/iconalt.html]
[trafficbot.co/css/images/preloader.html]
[trafficbot.co/css/images/icons/play.html]
[trafficbot.co/images/preloader@2x.html]
[trafficbot.co/images/prod-sm-slider.html]
[trafficbot.co/images/prod-web-slider.html]
[trafficbot.co/css/appdc73.css]
[trafficbot.co/help/social-media-engagement.html]
[trafficbot.co/images/prod-sm-help.html]
[trafficbot.co/help/website-traffic.html]
[trafficbot.co/images/prod-web-help.html]
